/docB.html (3 hits)
/image1.jpg (2 hits)
/docC.html (1 hits)
/docA.html (1 hits)