/docB.html (3 hits)
/docC.html (1 hits)
/docA.html (1 hits)
