/docA.html (6 hits)
/docB.html (1 hits)
/docC.html (1 hits)
/docD.html (1 hits)
/docE.html (1 hits)
/docF.html (1 hits)
/docG.html (1 hits)
/image1.jpg (1 hits)
/image2.jpg (1 hits)
/image3.jpg (1 hits)