/docB.html (5 hits)
/docA.html (3 hits)
/docF.html (2 hits)
/docC.html (1 hits)
/docH.html (1 hits)
/docD.html (1 hits)
/docG.html (1 hits)